
> kodicomply-backend@1.0.0 dev
> ts-node-dev --respawn --transpile-only src/index.ts

[INFO] 10:45:49 ts-node-dev ver. 2.0.0 (using ts-node ver. 10.9.2, typescript ver. 5.9.3)
KodiComply API running on port 4000
[INFO] 11:37:16 Restarting: C:\Users\ericknoah\Desktop\kodikomply\backend\src\controllers\benefits.ts has been modified
KodiComply API running on port 4000
[INFO] 11:40:05 Restarting: C:\Users\ericknoah\Desktop\kodikomply\backend\src\routes\auth.ts has been modified
KodiComply API running on port 4000
[INFO] 11:41:09 Restarting: C:\Users\ericknoah\Desktop\kodikomply\backend\src\routes\auth.ts has been modified
Error: listen EADDRINUSE: address already in use :::4000
    at Server.setupListenHandle [as _listen2] (node:net:1940:16)
    at listenInCluster (node:net:1997:12)
    at Server.listen (node:net:2102:7)
    at app.listen (C:\Users\ericknoah\Desktop\kodikomply\backend\node_modules\express\lib\application.js:635:24)
    at Object.<anonymous> (C:\Users\ericknoah\Desktop\kodikomply\backend\src\index.ts:53:5)
    at Module.<anonymous> (node:internal/modules/cjs/loader:1761:14)
    at Module._compile (C:\Users\ericknoah\Desktop\kodikomply\backend\node_modules\source-map-support\source-map-support.js:568:25)
    at Module.m._compile (C:\Users\ERICKN~1\AppData\Local\Temp\ts-node-dev-hook-7111837579602897.js:69:33)
    at node:internal/modules/cjs/loader:1893:10
    at require.extensions..jsx.require.extensions..js (C:\Users\ERICKN~1\AppData\Local\Temp\ts-node-dev-hook-7111837579602897.js:114:20)
[ERROR] 11:41:12 Error: listen EADDRINUSE: address already in use :::4000
[INFO] 16:10:35 Restarting: C:\Users\ericknoah\Desktop\kodikomply\backend\src\index.ts has been modified
Error: listen EADDRINUSE: address already in use :::4000
    at Server.setupListenHandle [as _listen2] (node:net:1940:16)
    at listenInCluster (node:net:1997:12)
    at Server.listen (node:net:2102:7)
    at app.listen (C:\Users\ericknoah\Desktop\kodikomply\backend\node_modules\express\lib\application.js:635:24)
    at Object.<anonymous> (C:\Users\ericknoah\Desktop\kodikomply\backend\src\index.ts:54:5)
    at Module.<anonymous> (node:internal/modules/cjs/loader:1761:14)
    at Module._compile (C:\Users\ericknoah\Desktop\kodikomply\backend\node_modules\source-map-support\source-map-support.js:568:25)
    at Module.m._compile (C:\Users\ERICKN~1\AppData\Local\Temp\ts-node-dev-hook-7111837579602897.js:69:33)
    at node:internal/modules/cjs/loader:1893:10
    at require.extensions..jsx.require.extensions..js (C:\Users\ERICKN~1\AppData\Local\Temp\ts-node-dev-hook-7111837579602897.js:114:20)
[ERROR] 16:10:57 Error: listen EADDRINUSE: address already in use :::4000
[INFO] 16:10:57 Restarting: C:\Users\ericknoah\Desktop\kodikomply\backend\src\index.ts has been modified
Error: listen EADDRINUSE: address already in use :::4000
    at Server.setupListenHandle [as _listen2] (node:net:1940:16)
    at listenInCluster (node:net:1997:12)
    at Server.listen (node:net:2102:7)
    at app.listen (C:\Users\ericknoah\Desktop\kodikomply\backend\node_modules\express\lib\application.js:635:24)
    at Object.<anonymous> (C:\Users\ericknoah\Desktop\kodikomply\backend\src\index.ts:55:5)
    at Module.<anonymous> (node:internal/modules/cjs/loader:1761:14)
    at Module._compile (C:\Users\ericknoah\Desktop\kodikomply\backend\node_modules\source-map-support\source-map-support.js:568:25)
    at Module.m._compile (C:\Users\ERICKN~1\AppData\Local\Temp\ts-node-dev-hook-7111837579602897.js:69:33)
    at node:internal/modules/cjs/loader:1893:10
    at require.extensions..jsx.require.extensions..js (C:\Users\ERICKN~1\AppData\Local\Temp\ts-node-dev-hook-7111837579602897.js:114:20)
[ERROR] 16:11:01 Error: listen EADDRINUSE: address already in use :::4000
[INFO] 17:39:41 Restarting: C:\Users\ericknoah\Desktop\kodikomply\backend\src\routes\calculator.ts has been modified
Error: listen EADDRINUSE: address already in use :::4000
    at Server.setupListenHandle [as _listen2] (node:net:1940:16)
    at listenInCluster (node:net:1997:12)
    at Server.listen (node:net:2102:7)
    at app.listen (C:\Users\ericknoah\Desktop\kodikomply\backend\node_modules\express\lib\application.js:635:24)
    at Object.<anonymous> (C:\Users\ericknoah\Desktop\kodikomply\backend\src\index.ts:55:5)
    at Module.<anonymous> (node:internal/modules/cjs/loader:1761:14)
    at Module._compile (C:\Users\ericknoah\Desktop\kodikomply\backend\node_modules\source-map-support\source-map-support.js:568:25)
    at Module.m._compile (C:\Users\ERICKN~1\AppData\Local\Temp\ts-node-dev-hook-7111837579602897.js:69:33)
    at node:internal/modules/cjs/loader:1893:10
    at require.extensions..jsx.require.extensions..js (C:\Users\ERICKN~1\AppData\Local\Temp\ts-node-dev-hook-7111837579602897.js:114:20)
[ERROR] 17:40:57 Error: listen EADDRINUSE: address already in use :::4000
